// Jest Snapshot v1, https://goo.gl/fbAQLP

exports[`should render properly 1`] = `
"<ul>
  <li>
    <MapCard map={{...}} />
  </li>
  <li>
    <MapCard map={{...}} />
  </li>
  <li>
    <MapCard map={{...}} />
  </li>
  <li>
    <MapCard map={{...}} />
  </li>
  <li>
    <MapCard map={{...}} />
  </li>
  <li>
    <MapCard map={{...}} />
  </li>
  <li>
    <MapCard map={{...}} />
  </li>
  <li>
    <MapCard map={{...}} />
  </li>
  <li>
    <MapCard map={{...}} />
  </li>
</ul>"
`;
