// Jest Snapshot v1, https://goo.gl/fbAQLP

exports[`should render properly 1`] = `
"<nav className=\\"NavBar\\">
  <ul className=\\"NavBar_Links\\">
    <li className=\\"NavBar_Link\\">
      <Link to=\\"/game/csgo\\">
        <img alt=\\"csgo\\" className=\\"NavBar_img\\" src=\\"csgo.png\\" />
      </Link>
    </li>
    <li className=\\"NavBar_Link\\">
      <Link to=\\"/game/valorant\\">
        <img alt=\\"valorant\\" className=\\"NavBar_img\\" src=\\"valorant.png\\" />
      </Link>
    </li>
  </ul>
</nav>"
`;
